// Jest Snapshot v1, https://goo.gl/fbAQLP

exports[`renders correctly a TextInput component 1`] = `
<input
  className="input"
  type="text"
  value="Hello"
/>
`;
