// Jest Snapshot v1, https://goo.gl/fbAQLP

exports[`renders correctly a loader component 1`] = `
<div
  className="loaderContainer"
>
  <div
    className="ring"
  >
    <div />
    <div />
    <div />
    <div />
  </div>
</div>
`;
